2024-01-01 10:00:00.123 INFO [main] com.example.Application - 应用程序启动
2024-01-01 10:00:01.456 DEBUG [main] com.example.Service - 初始化服务
2024-01-01 10:00:02.789 ERROR [main] com.example.Controller - 发生错误
java.lang.NullPointerException: 空指针异常
	at com.example.Service.process(Service.java:100)
	at com.example.Controller.handle(Controller.java:50)
	at sun.reflect.NativeMethodAccessorImpl.invoke0(Native Method)
2024-01-01 10:00:03.012 WARN [worker-1] com.example.Queue - 队列已满
2024-01-01 10:00:04.345 INFO [worker-2] com.example.Task - 任务完成
2024-01-01 10:00:05.678 TRACE [main] com.example.Debug - 调试信息
2024-01-01 10:00:06.901 FATAL [main] com.example.System - 系统崩溃
java.lang.OutOfMemoryError: Java heap space
	at java.util.Arrays.copyOf(Arrays.java:3210)
	at java.util.ArrayList.grow(ArrayList.java:265)
2024-01-01 10:00:07.234 INFO [main] com.example.Application - 系统恢复
